

================================================================
== Vivado HLS Report for 'calcPerceptron'
================================================================
* Date:           Sun Apr 26 14:31:33 2020

* Version:        2019.2 (Build 2704478 on Wed Nov 06 22:10:23 MST 2019)
* Project:        simple_perceptron
* Solution:       solution1
* Product family: zynq
* Target device:  xc7z020-clg400-1


================================================================
== Performance Estimates
================================================================
+ Timing: 
    * Summary: 
    +--------+----------+----------+------------+
    |  Clock |  Target  | Estimated| Uncertainty|
    +--------+----------+----------+------------+
    |ap_clk  | 10.00 ns | 8.232 ns |   1.25 ns  |
    +--------+----------+----------+------------+

+ Latency: 
    * Summary: 
    +---------+---------+----------+----------+-----+-----+---------+
    |  Latency (cycles) |  Latency (absolute) |  Interval | Pipeline|
    |   min   |   max   |    min   |    max   | min | max |   Type  |
    +---------+---------+----------+----------+-----+-----+---------+
    |      142|      142| 1.420 us | 1.420 us |  142|  142|   none  |
    +---------+---------+----------+----------+-----+-----+---------+

    + Detail: 
        * Instance: 
        N/A

        * Loop: 
        +----------+---------+---------+----------+-----------+-----------+------+----------+
        |          |  Latency (cycles) | Iteration|  Initiation Interval  | Trip |          |
        | Loop Name|   min   |   max   |  Latency |  achieved |   target  | Count| Pipelined|
        +----------+---------+---------+----------+-----------+-----------+------+----------+
        |- Loop 1  |      139|      139|        41|          1|          1|   100|    yes   |
        +----------+---------+---------+----------+-----------+-----------+------+----------+



================================================================
== Utilization Estimates
================================================================
* Summary: 
+-----------------+---------+-------+--------+-------+-----+
|       Name      | BRAM_18K| DSP48E|   FF   |  LUT  | URAM|
+-----------------+---------+-------+--------+-------+-----+
|DSP              |        -|      -|       -|      -|    -|
|Expression       |        -|      -|       0|     95|    -|
|FIFO             |        -|      -|       -|      -|    -|
|Instance         |        0|     31|    1781|   3777|    -|
|Memory           |        -|      -|       -|      -|    -|
|Multiplexer      |        -|      -|       -|     78|    -|
|Register         |        0|      -|     572|    128|    -|
+-----------------+---------+-------+--------+-------+-----+
|Total            |        0|     31|    2353|   4078|    0|
+-----------------+---------+-------+--------+-------+-----+
|Available        |      280|    220|  106400|  53200|    0|
+-----------------+---------+-------+--------+-------+-----+
|Utilization (%)  |        0|     14|       2|      7|    0|
+-----------------+---------+-------+--------+-------+-----+

+ Detail: 
    * Instance: 
    +-----------------------------------------------------+--------------------------------------------------+---------+-------+-----+------+-----+
    |                       Instance                      |                      Module                      | BRAM_18K| DSP48E|  FF |  LUT | URAM|
    +-----------------------------------------------------+--------------------------------------------------+---------+-------+-----+------+-----+
    |calcPerceptron_CRTL_BUS_s_axi_U                      |calcPerceptron_CRTL_BUS_s_axi                     |        0|      0|   74|   104|    0|
    |calcPerceptron_dadd_64ns_64ns_64_5_full_dsp_1_U6     |calcPerceptron_dadd_64ns_64ns_64_5_full_dsp_1     |        0|      3|  445|  1149|    0|
    |calcPerceptron_dmul_64ns_64ns_64_6_max_dsp_1_U7      |calcPerceptron_dmul_64ns_64ns_64_6_max_dsp_1      |        0|     11|  317|   578|    0|
    |calcPerceptron_fadd_32ns_32ns_32_5_full_dsp_1_U1     |calcPerceptron_fadd_32ns_32ns_32_5_full_dsp_1     |        0|      2|  205|   390|    0|
    |calcPerceptron_fexp_32ns_32ns_32_9_full_dsp_1_U5     |calcPerceptron_fexp_32ns_32ns_32_9_full_dsp_1     |        0|      7|  277|   924|    0|
    |calcPerceptron_fpext_32ns_64_2_1_U3                  |calcPerceptron_fpext_32ns_64_2_1                  |        0|      0|  100|   138|    0|
    |calcPerceptron_fptrunc_64ns_32_2_1_U2                |calcPerceptron_fptrunc_64ns_32_2_1                |        0|      0|  128|   277|    0|
    |calcPerceptron_frecip_32ns_32ns_32_10_full_dsp_1_U4  |calcPerceptron_frecip_32ns_32ns_32_10_full_dsp_1  |        0|      8|  235|   217|    0|
    +-----------------------------------------------------+--------------------------------------------------+---------+-------+-----+------+-----+
    |Total                                                |                                                  |        0|     31| 1781|  3777|    0|
    +-----------------------------------------------------+--------------------------------------------------+---------+-------+-----+------+-----+

    * DSP48E: 
    N/A

    * Memory: 
    N/A

    * FIFO: 
    N/A

    * Expression: 
    +-------------------------+----------+-------+---+----+------------+------------+
    |      Variable Name      | Operation| DSP48E| FF| LUT| Bitwidth P0| Bitwidth P1|
    +-------------------------+----------+-------+---+----+------------+------------+
    |idx_fu_137_p2            |     +    |      0|  0|  15|           7|           1|
    |icmp_ln11_fu_131_p2      |   icmp   |      0|  0|  11|           7|           6|
    |ap_enable_pp0            |    xor   |      0|  0|   2|           1|           2|
    |ap_enable_reg_pp0_iter1  |    xor   |      0|  0|   2|           2|           1|
    |xor_ln13_fu_151_p2       |    xor   |      0|  0|  65|          64|          65|
    +-------------------------+----------+-------+---+----+------------+------------+
    |Total                    |          |      0|  0|  95|          81|          75|
    +-------------------------+----------+-------+---+----+------------+------------+

    * Multiplexer: 
    +--------------------------+----+-----------+-----+-----------+
    |           Name           | LUT| Input Size| Bits| Total Bits|
    +--------------------------+----+-----------+-----+-----------+
    |ap_NS_fsm                 |  27|          5|    1|          5|
    |ap_enable_reg_pp0_iter1   |   9|          2|    1|          2|
    |ap_enable_reg_pp0_iter40  |   9|          2|    1|          2|
    |grp_fu_107_p0             |  15|          3|   32|         96|
    |idx_0_reg_88              |   9|          2|    7|         14|
    |res_WEN_A                 |   9|          2|    4|          8|
    +--------------------------+----+-----------+-----+-----------+
    |Total                     |  78|         16|   46|        127|
    +--------------------------+----+-----------+-----+-----------+

    * Register: 
    +--------------------------+----+----+-----+-----------+
    |           Name           | FF | LUT| Bits| Const Bits|
    +--------------------------+----+----+-----+-----------+
    |ap_CS_fsm                 |   4|   0|    4|          0|
    |ap_enable_reg_pp0_iter0   |   1|   0|    1|          0|
    |ap_enable_reg_pp0_iter1   |   1|   0|    1|          0|
    |ap_enable_reg_pp0_iter10  |   1|   0|    1|          0|
    |ap_enable_reg_pp0_iter11  |   1|   0|    1|          0|
    |ap_enable_reg_pp0_iter12  |   1|   0|    1|          0|
    |ap_enable_reg_pp0_iter13  |   1|   0|    1|          0|
    |ap_enable_reg_pp0_iter14  |   1|   0|    1|          0|
    |ap_enable_reg_pp0_iter15  |   1|   0|    1|          0|
    |ap_enable_reg_pp0_iter16  |   1|   0|    1|          0|
    |ap_enable_reg_pp0_iter17  |   1|   0|    1|          0|
    |ap_enable_reg_pp0_iter18  |   1|   0|    1|          0|
    |ap_enable_reg_pp0_iter19  |   1|   0|    1|          0|
    |ap_enable_reg_pp0_iter2   |   1|   0|    1|          0|
    |ap_enable_reg_pp0_iter20  |   1|   0|    1|          0|
    |ap_enable_reg_pp0_iter21  |   1|   0|    1|          0|
    |ap_enable_reg_pp0_iter22  |   1|   0|    1|          0|
    |ap_enable_reg_pp0_iter23  |   1|   0|    1|          0|
    |ap_enable_reg_pp0_iter24  |   1|   0|    1|          0|
    |ap_enable_reg_pp0_iter25  |   1|   0|    1|          0|
    |ap_enable_reg_pp0_iter26  |   1|   0|    1|          0|
    |ap_enable_reg_pp0_iter27  |   1|   0|    1|          0|
    |ap_enable_reg_pp0_iter28  |   1|   0|    1|          0|
    |ap_enable_reg_pp0_iter29  |   1|   0|    1|          0|
    |ap_enable_reg_pp0_iter3   |   1|   0|    1|          0|
    |ap_enable_reg_pp0_iter30  |   1|   0|    1|          0|
    |ap_enable_reg_pp0_iter31  |   1|   0|    1|          0|
    |ap_enable_reg_pp0_iter32  |   1|   0|    1|          0|
    |ap_enable_reg_pp0_iter33  |   1|   0|    1|          0|
    |ap_enable_reg_pp0_iter34  |   1|   0|    1|          0|
    |ap_enable_reg_pp0_iter35  |   1|   0|    1|          0|
    |ap_enable_reg_pp0_iter36  |   1|   0|    1|          0|
    |ap_enable_reg_pp0_iter37  |   1|   0|    1|          0|
    |ap_enable_reg_pp0_iter38  |   1|   0|    1|          0|
    |ap_enable_reg_pp0_iter39  |   1|   0|    1|          0|
    |ap_enable_reg_pp0_iter4   |   1|   0|    1|          0|
    |ap_enable_reg_pp0_iter40  |   1|   0|    1|          0|
    |ap_enable_reg_pp0_iter5   |   1|   0|    1|          0|
    |ap_enable_reg_pp0_iter6   |   1|   0|    1|          0|
    |ap_enable_reg_pp0_iter7   |   1|   0|    1|          0|
    |ap_enable_reg_pp0_iter8   |   1|   0|    1|          0|
    |ap_enable_reg_pp0_iter9   |   1|   0|    1|          0|
    |icmp_ln11_reg_172         |   1|   0|    1|          0|
    |idx_0_reg_88              |   7|   0|    7|          0|
    |tmp_1_reg_196             |  64|   0|   64|          0|
    |tmp_2_reg_201             |  64|   0|   64|          0|
    |tmp_3_reg_206             |  64|   0|   64|          0|
    |tmp_4_reg_231             |  32|   0|   32|          0|
    |tmp_7_reg_226             |  32|   0|   32|          0|
    |tmp_i_i_reg_221           |  32|   0|   32|          0|
    |tmp_reg_167               |  64|   0|   64|          0|
    |x_assign_reg_216          |  32|   0|   32|          0|
    |zext_ln13_reg_181         |   7|   0|   64|         57|
    |icmp_ln11_reg_172         |  64|  64|    1|          0|
    |zext_ln13_reg_181         |  64|  64|   64|         57|
    +--------------------------+----+----+-----+-----------+
    |Total                     | 572| 128|  566|        114|
    +--------------------------+----+----+-----+-----------+



================================================================
== Interface
================================================================
* Summary: 
+------------------------+-----+-----+------------+----------------+--------------+
|        RTL Ports       | Dir | Bits|  Protocol  |  Source Object |    C Type    |
+------------------------+-----+-----+------------+----------------+--------------+
|s_axi_CRTL_BUS_AWVALID  |  in |    1|    s_axi   |    CRTL_BUS    |    scalar    |
|s_axi_CRTL_BUS_AWREADY  | out |    1|    s_axi   |    CRTL_BUS    |    scalar    |
|s_axi_CRTL_BUS_AWADDR   |  in |    5|    s_axi   |    CRTL_BUS    |    scalar    |
|s_axi_CRTL_BUS_WVALID   |  in |    1|    s_axi   |    CRTL_BUS    |    scalar    |
|s_axi_CRTL_BUS_WREADY   | out |    1|    s_axi   |    CRTL_BUS    |    scalar    |
|s_axi_CRTL_BUS_WDATA    |  in |   32|    s_axi   |    CRTL_BUS    |    scalar    |
|s_axi_CRTL_BUS_WSTRB    |  in |    4|    s_axi   |    CRTL_BUS    |    scalar    |
|s_axi_CRTL_BUS_ARVALID  |  in |    1|    s_axi   |    CRTL_BUS    |    scalar    |
|s_axi_CRTL_BUS_ARREADY  | out |    1|    s_axi   |    CRTL_BUS    |    scalar    |
|s_axi_CRTL_BUS_ARADDR   |  in |    5|    s_axi   |    CRTL_BUS    |    scalar    |
|s_axi_CRTL_BUS_RVALID   | out |    1|    s_axi   |    CRTL_BUS    |    scalar    |
|s_axi_CRTL_BUS_RREADY   |  in |    1|    s_axi   |    CRTL_BUS    |    scalar    |
|s_axi_CRTL_BUS_RDATA    | out |   32|    s_axi   |    CRTL_BUS    |    scalar    |
|s_axi_CRTL_BUS_RRESP    | out |    2|    s_axi   |    CRTL_BUS    |    scalar    |
|s_axi_CRTL_BUS_BVALID   | out |    1|    s_axi   |    CRTL_BUS    |    scalar    |
|s_axi_CRTL_BUS_BREADY   |  in |    1|    s_axi   |    CRTL_BUS    |    scalar    |
|s_axi_CRTL_BUS_BRESP    | out |    2|    s_axi   |    CRTL_BUS    |    scalar    |
|ap_clk                  |  in |    1| ap_ctrl_hs | calcPerceptron | return value |
|ap_rst_n                |  in |    1| ap_ctrl_hs | calcPerceptron | return value |
|interrupt               | out |    1| ap_ctrl_hs | calcPerceptron | return value |
|x_Addr_A                | out |   32|    bram    |        x       |     array    |
|x_EN_A                  | out |    1|    bram    |        x       |     array    |
|x_WEN_A                 | out |    4|    bram    |        x       |     array    |
|x_Din_A                 | out |   32|    bram    |        x       |     array    |
|x_Dout_A                |  in |   32|    bram    |        x       |     array    |
|x_Clk_A                 | out |    1|    bram    |        x       |     array    |
|x_Rst_A                 | out |    1|    bram    |        x       |     array    |
|res_Addr_A              | out |   32|    bram    |       res      |     array    |
|res_EN_A                | out |    1|    bram    |       res      |     array    |
|res_WEN_A               | out |    4|    bram    |       res      |     array    |
|res_Din_A               | out |   32|    bram    |       res      |     array    |
|res_Dout_A              |  in |   32|    bram    |       res      |     array    |
|res_Clk_A               | out |    1|    bram    |       res      |     array    |
|res_Rst_A               | out |    1|    bram    |       res      |     array    |
+------------------------+-----+-----+------------+----------------+--------------+

